// Jest Snapshot v1, https://goo.gl/fbAQLP

exports[`Should render AboutPage correctly 1`] = `
<div
  className="help-page-container"
>
  About Us
</div>
`;
