// Jest Snapshot v1, https://goo.gl/fbAQLP

exports[`render correctly  the forgot password modal 1`] = `<forgotPassword />`;
