// Jest Snapshot v1, https://goo.gl/fbAQLP

exports[`Should render HelpPage correctly 1`] = `
<div
  className="help-page-container"
>
  This is the Help page!
</div>
`;
